[00:49:22] [main/INFO]: Loading Minecraft 1.21.10 with Fabric Loader 0.17.2
[00:49:22] [main/INFO]: Loading 4 mods:
	- fabricloader 0.17.2
	   \-- mixinextras 0.5.0
	- java 21
	- minecraft 1.21.10
[00:49:22] [main/INFO]: SpongePowered MIXIN Subsystem Version=0.8.7 Source=file:/workspaces/server1/servidor_minecraft/libraries/net/fabricmc/sponge-mixin/0.16.3+mixin.0.8.7/sponge-mixin-0.16.3+mixin.0.8.7.jar Service=Knot/Fabric Env=SERVER
[00:49:27] [main/INFO]: Environment: Environment[sessionHost=https://sessionserver.mojang.com, servicesHost=https://api.minecraftservices.com, profilesHost=https://api.mojang.com, name=PROD]
[00:49:29] [main/INFO]: Loaded 1461 recipes
[00:49:29] [main/INFO]: Loaded 1574 advancements
[00:49:29] [Server thread/INFO]: Starting minecraft server version 1.21.10
[00:49:29] [Server thread/INFO]: Loading properties
[00:49:29] [Server thread/INFO]: Default game type: SURVIVAL
[00:49:29] [Server thread/INFO]: Generating keypair
[00:49:29] [Server thread/INFO]: Starting Minecraft server on *:25565
[00:49:29] [Server thread/INFO]: Using epoll channel type
[00:49:29] [Server thread/WARN]: **** SERVER IS RUNNING IN OFFLINE/INSECURE MODE!
[00:49:29] [Server thread/WARN]: The server will make no attempt to authenticate usernames. Beware.
[00:49:29] [Server thread/WARN]: While this makes the game possible to play without internet access, it also opens up the ability for hackers to connect with any username they choose.
[00:49:29] [Server thread/WARN]: To change this, set "online-mode" to "true" in the server.properties file.
[00:49:29] [Server thread/INFO]: Preparing level "world"
[00:49:29] [Server thread/INFO]: Loading 0 persistent chunks...
[00:49:29] [Server thread/INFO]: Preparing spawn area: 100%
[00:49:29] [Server thread/INFO]: Time elapsed: 17 ms
[00:49:29] [Server thread/INFO]: Done (0.352s)! For help, type "help"
[00:49:41] [Server thread/INFO]: Simon[/127.180.210.118:49285] logged in with entity id 36 at (-165.26590474128355, 72.0, 799.464357282164)
[00:49:41] [Server thread/INFO]: Simon joined the game
[00:51:52] [Server thread/INFO]: Simon has made the advancement [Ice Bucket Challenge]
[00:58:38] [Server thread/INFO]: Simon has made the advancement [We Need to Go Deeper]
[00:58:40] [Server thread/WARN]: Can't keep up! Is the server overloaded? Running 3851ms or 77 ticks behind
[01:03:21] [Server thread/INFO]: Simon lost connection: Disconnected
[01:03:21] [Server thread/INFO]: Simon left the game
[01:04:21] [Server thread/INFO]: Server empty for 60 seconds, pausing
[01:05:00] [Server thread/INFO]: Stopping the server
[01:05:00] [Server thread/INFO]: Stopping server
[01:05:00] [Server thread/INFO]: Saving players
[01:05:00] [Server thread/INFO]: Saving worlds
[01:05:00] [Server thread/INFO]: Saving chunks for level 'ServerLevel[world]'/minecraft:overworld
[01:05:01] [Server thread/INFO]: Saving chunks for level 'ServerLevel[world]'/minecraft:the_nether
[01:05:01] [Server thread/INFO]: Saving chunks for level 'ServerLevel[world]'/minecraft:the_end
[01:05:01] [Server thread/INFO]: ThreadedAnvilChunkStorage (world): All chunks are saved
[01:05:01] [Server thread/INFO]: ThreadedAnvilChunkStorage (DIM-1): All chunks are saved
[01:05:01] [Server thread/INFO]: ThreadedAnvilChunkStorage (DIM1): All chunks are saved
[01:05:01] [Server thread/INFO]: ThreadedAnvilChunkStorage: All dimensions are saved
